// Jest Snapshot v1, https://goo.gl/fbAQLP

exports[`With Snapshot Testing show the correct content 1`] = `
<section
  className="coming-soon"
>
  <p>
     is coming soon!
  </p>
</section>
`;
